main_backup_motor.c:161:6:HAL_UART_RxCpltCallback	16	static
main_backup_motor.c:167:6:HAL_TIM_PeriodElapsedCallback	16	static
main_backup_motor.c:187:5:main	16	static
main_backup_motor.c:279:6:SystemClock_Config	88	static
main_backup_motor.c:329:6:map	24	static
main_backup_motor.c:333:6:Motor1_On	16	static
main_backup_motor.c:337:6:Motor2_On	16	static
main_backup_motor.c:341:6:Motor3_On	16	static
main_backup_motor.c:346:6:Motor4_On	16	static
main_backup_motor.c:350:6:Motor1_SetPWM	16	static
main_backup_motor.c:358:6:Motor2_SetPWM	16	static
main_backup_motor.c:363:6:Motor3_SetPWM	16	static
main_backup_motor.c:371:6:Motor4_SetPWM	16	static
main_backup_motor.c:376:6:Motor1_Off	4	static
main_backup_motor.c:380:6:Motor2_Off	4	static
main_backup_motor.c:384:6:Motor3_Off	4	static
main_backup_motor.c:388:6:Motor4_Off	4	static
main_backup_motor.c:393:6:jogging	8	static
main_backup_motor.c:512:6:read_encoder	32	static
main_backup_motor.c:539:6:linearJog	40	static
main_backup_motor.c:567:6:update_q	4	static
main_backup_motor.c:579:6:Error_Handler	4	static,ignoring_inline_asm
