main.c:211:6:HAL_UART_RxCpltCallback	24	static
main.c:217:6:HAL_TIM_PeriodElapsedCallback	16	static
main.c:233:5:main	32	static
main.c:359:6:SystemClock_Config	88	static
main.c:409:6:setHome	8	static
main.c:463:6:Servo_Open	8	static
main.c:468:6:Servo_Close	8	static
main.c:474:6:CheckState	24	static
main.c:499:6:main_state	24	static
main.c:597:6:jogging	8	static
main.c:669:6:read_position_ref	4	static
main.c:679:6:read_z_ref	4	static
main.c:683:6:read_joint_ref	4	static
main.c:693:6:traj_gen	48	static
main.c:706:6:traj_eval	32	static
main.c:714:6:run	8	static
main.c:727:6:runz	8	static
main.c:738:6:control_J1	8	static
main.c:748:6:control_J2	8	static
main.c:758:6:control_J3	8	static
main.c:768:6:control_J4	8	static
main.c:778:6:IK	32	static
main.c:796:6:read_encoder	16	static
main.c:808:6:read_encoder2	16	static
main.c:821:6:linearJog	40	static
main.c:837:6:update_q	16	static
main.c:848:6:enc2positionUnit	8	static
main.c:861:6:Error_Handler	4	static,ignoring_inline_asm
